// Jest Snapshot v1, https://goo.gl/fbAQLP

exports[`Card renders correctly 1`] = `
<div
  className="MuiPaper-root-3 MuiPaper-elevation1-6 MuiPaper-rounded-4 MuiCard-root-2 Component-card-1 [object Object]"
/>
`;
